E:/Users/sergi/STM32CubeIDE/workspace_1.17.0/STSW-STWINKT01_V2.2.0/Projects/stwinkt1b_predictive_maintence/Src/main.c:509:6:dataTimer_Callback	1
E:/Users/sergi/STM32CubeIDE/workspace_1.17.0/STSW-STWINKT01_V2.2.0/Projects/stwinkt1b_predictive_maintence/Src/main.c:164:6:MX_USB_DEVICE_Init	1
E:/Users/sergi/STM32CubeIDE/workspace_1.17.0/STSW-STWINKT01_V2.2.0/Projects/stwinkt1b_predictive_maintence/Src/main.c:178:6:HAL_PCDEx_BCD_Callback	3
E:/Users/sergi/STM32CubeIDE/workspace_1.17.0/STSW-STWINKT01_V2.2.0/Projects/stwinkt1b_predictive_maintence/Src/main.c:213:6:HAL_GPIO_EXTI_Callback	6
E:/Users/sergi/STM32CubeIDE/workspace_1.17.0/STSW-STWINKT01_V2.2.0/Projects/stwinkt1b_predictive_maintence/Src/main.c:247:6:HAL_TIM_PeriodElapsedCallback	2
E:/Users/sergi/STM32CubeIDE/workspace_1.17.0/STSW-STWINKT01_V2.2.0/Projects/stwinkt1b_predictive_maintence/Src/main.c:443:6:SystemClock_Config	5
E:/Users/sergi/STM32CubeIDE/workspace_1.17.0/STSW-STWINKT01_V2.2.0/Projects/stwinkt1b_predictive_maintence/Src/main.c:101:5:main	6
E:/Users/sergi/STM32CubeIDE/workspace_1.17.0/STSW-STWINKT01_V2.2.0/Projects/stwinkt1b_predictive_maintence/Src/main.c:515:6:dataTimerStart	2
E:/Users/sergi/STM32CubeIDE/workspace_1.17.0/STSW-STWINKT01_V2.2.0/Projects/stwinkt1b_predictive_maintence/Src/main.c:411:6:Main_Thread	2
E:/Users/sergi/STM32CubeIDE/workspace_1.17.0/STSW-STWINKT01_V2.2.0/Projects/stwinkt1b_predictive_maintence/Src/main.c:530:6:dataTimerStop	1
E:/Users/sergi/STM32CubeIDE/workspace_1.17.0/STSW-STWINKT01_V2.2.0/Projects/stwinkt1b_predictive_maintence/Src/main.c:600:6:Error_Handler	1
