E:/Users/sergi/STM32CubeIDE/workspace_1.17.0/STSW-STWINKT01_V2.2.0/Projects/stwinkt1b_predictive_maintence/Src/main.c:533:6:dataTimer_Callback	1
E:/Users/sergi/STM32CubeIDE/workspace_1.17.0/STSW-STWINKT01_V2.2.0/Projects/stwinkt1b_predictive_maintence/Src/main.c:166:6:MX_USB_DEVICE_Init	1
E:/Users/sergi/STM32CubeIDE/workspace_1.17.0/STSW-STWINKT01_V2.2.0/Projects/stwinkt1b_predictive_maintence/Src/main.c:180:6:HAL_PCDEx_BCD_Callback	3
E:/Users/sergi/STM32CubeIDE/workspace_1.17.0/STSW-STWINKT01_V2.2.0/Projects/stwinkt1b_predictive_maintence/Src/main.c:215:6:HAL_GPIO_EXTI_Callback	6
E:/Users/sergi/STM32CubeIDE/workspace_1.17.0/STSW-STWINKT01_V2.2.0/Projects/stwinkt1b_predictive_maintence/Src/main.c:249:6:HAL_TIM_PeriodElapsedCallback	2
E:/Users/sergi/STM32CubeIDE/workspace_1.17.0/STSW-STWINKT01_V2.2.0/Projects/stwinkt1b_predictive_maintence/Src/main.c:467:6:SystemClock_Config	5
E:/Users/sergi/STM32CubeIDE/workspace_1.17.0/STSW-STWINKT01_V2.2.0/Projects/stwinkt1b_predictive_maintence/Src/main.c:103:5:main	6
E:/Users/sergi/STM32CubeIDE/workspace_1.17.0/STSW-STWINKT01_V2.2.0/Projects/stwinkt1b_predictive_maintence/Src/main.c:539:6:dataTimerStart	2
E:/Users/sergi/STM32CubeIDE/workspace_1.17.0/STSW-STWINKT01_V2.2.0/Projects/stwinkt1b_predictive_maintence/Src/main.c:413:6:Main_Thread	4
E:/Users/sergi/STM32CubeIDE/workspace_1.17.0/STSW-STWINKT01_V2.2.0/Projects/stwinkt1b_predictive_maintence/Src/main.c:554:6:dataTimerStop	1
E:/Users/sergi/STM32CubeIDE/workspace_1.17.0/STSW-STWINKT01_V2.2.0/Projects/stwinkt1b_predictive_maintence/Src/main.c:624:6:Error_Handler	1
